.gitignore: OK
AGENTS.md: OK
LICENSE: OK
README.md: OK
docs/AI_HANDOFF.md: OK
docs/CHECKLIST.md: OK
docs/CLOCK_PROFILES.md: OK
docs/COMMIT_GUIDE.md: OK
docs/DEPENDENCIES.md: OK
docs/EVIDENCE.md: OK
docs/INSTALL_DEBIAN_BASELINE.md: OK
docs/INSTALL_UBUNTU_24_04.md: OK
docs/OFFLINE_HANDOFF.md: OK
docs/PITFALLS.md: OK
docs/PLAN.md: OK
docs/research/README.md: OK
docs/research/RV32_RTOS_效能模擬與最佳化研究規劃.docx: OK
docs/research/research_plan_2026-10-03.md: OK
docs/research/source_provenance.json: OK
evidence/final-local-integration/README.md: OK
evidence/final-local-integration/bundle-verifier-tests.log: OK
evidence/final-local-integration/micropython-matrix.log: OK
evidence/final-local-integration/micropython-results.json: OK
evidence/final-local-integration/rv32-matrix.log: OK
evidence/final-local-integration/rv32-results.json: OK
evidence/remote-debian/README.md: OK
evidence/remote-debian/micropython-matrix.log: OK
evidence/remote-debian/micropython-results.json: OK
evidence/remote-debian/rv32-matrix.log: OK
evidence/remote-debian/rv32-results.json: OK
evidence/remote-debian/ubuntu-bundle-helper-verification.log: OK
evidence/ubuntu-24.04/CLOCK_DIAGNOSTIC_REPORT_繁體中文.md: OK
evidence/ubuntu-24.04/README.md: OK
evidence/ubuntu-24.04/UBUNTU_VALIDATION_REPORT_繁體中文.md: OK
evidence/ubuntu-24.04/UBUNTU_VALIDATION_RESULTS.json: OK
evidence/ubuntu-24.04/attempt2-rtos-race.log: OK
evidence/ubuntu-24.04/attempt3-raw-timeout.log: OK
evidence/ubuntu-24.04/clock-diagnostic/clock-icount-negative.log: OK
evidence/ubuntu-24.04/clock-diagnostic/clock-icount-positive-1.log: OK
evidence/ubuntu-24.04/clock-diagnostic/clock-icount-positive-2.log: OK
evidence/ubuntu-24.04/clock-diagnostic/clock-icount-positive-3.log: OK
evidence/ubuntu-24.04/clock-diagnostic/clock-negative-build.log: OK
evidence/ubuntu-24.04/clock-diagnostic/clock-positive-build.log: OK
evidence/ubuntu-24.04/clock-diagnostic/clock-raw-negative.log: OK
evidence/ubuntu-24.04/clock-diagnostic/clock-raw-positive-1.log: OK
evidence/ubuntu-24.04/clock-diagnostic/freertos-clock-comparison-summary.log: OK
evidence/ubuntu-24.04/clock-diagnostic/freertos-clock-comparison.json: OK
evidence/ubuntu-24.04/final-ubuntu-validation/evidence/apt-install.log: OK
evidence/ubuntu-24.04/final-ubuntu-validation/evidence/apt-simulation.log: OK
evidence/ubuntu-24.04/final-ubuntu-validation/evidence/built-artifact-sha256.txt: OK
evidence/ubuntu-24.04/final-ubuntu-validation/evidence/cross-compiler-version.txt: OK
evidence/ubuntu-24.04/final-ubuntu-validation/evidence/freertos-preflight-negative-build.log: OK
evidence/ubuntu-24.04/final-ubuntu-validation/evidence/freertos-preflight-negative.log: OK
evidence/ubuntu-24.04/final-ubuntu-validation/evidence/freertos-preflight-positive-build.log: OK
evidence/ubuntu-24.04/final-ubuntu-validation/evidence/freertos-preflight-positive.log: OK
evidence/ubuntu-24.04/final-ubuntu-validation/evidence/freertos-preflight-results.json: OK
evidence/ubuntu-24.04/final-ubuntu-validation/evidence/freertos-preflight-summary.log: OK
evidence/ubuntu-24.04/final-ubuntu-validation/evidence/guest-validation.log: OK
evidence/ubuntu-24.04/final-ubuntu-validation/evidence/installed-versions.txt: OK
evidence/ubuntu-24.04/final-ubuntu-validation/evidence/micropython-verification-summary.log: OK
evidence/ubuntu-24.04/final-ubuntu-validation/evidence/micropython_gtest_poc/host-build.log: OK
evidence/ubuntu-24.04/final-ubuntu-validation/evidence/micropython_gtest_poc/host-negative.log: OK
evidence/ubuntu-24.04/final-ubuntu-validation/evidence/micropython_gtest_poc/host-pass.log: OK
evidence/ubuntu-24.04/final-ubuntu-validation/evidence/micropython_gtest_poc/prepare.log: OK
evidence/ubuntu-24.04/final-ubuntu-validation/evidence/micropython_gtest_poc/results.json: OK
evidence/ubuntu-24.04/final-ubuntu-validation/evidence/micropython_gtest_poc/rv32-build.log: OK
evidence/ubuntu-24.04/final-ubuntu-validation/evidence/micropython_gtest_poc/rv32-negative-build.log: OK
evidence/ubuntu-24.04/final-ubuntu-validation/evidence/micropython_gtest_poc/rv32-negative.log: OK
evidence/ubuntu-24.04/final-ubuntu-validation/evidence/micropython_gtest_poc/rv32-pass.log: OK
evidence/ubuntu-24.04/final-ubuntu-validation/evidence/offline-preparation.log: OK
evidence/ubuntu-24.04/final-ubuntu-validation/evidence/payload-hash-check.log: OK
evidence/ubuntu-24.04/final-ubuntu-validation/evidence/rv32-elf-headers.txt: OK
evidence/ubuntu-24.04/final-ubuntu-validation/evidence/rv32-verification-summary.log: OK
evidence/ubuntu-24.04/final-ubuntu-validation/evidence/rv32_gtest_poc/bare-gtest-build.log: OK
evidence/ubuntu-24.04/final-ubuntu-validation/evidence/rv32_gtest_poc/bare-gtest-negative-build.log: OK
evidence/ubuntu-24.04/final-ubuntu-validation/evidence/rv32_gtest_poc/bare-gtest-negative.log: OK
evidence/ubuntu-24.04/final-ubuntu-validation/evidence/rv32_gtest_poc/bare-gtest-pass.log: OK
evidence/ubuntu-24.04/final-ubuntu-validation/evidence/rv32_gtest_poc/host-build.log: OK
evidence/ubuntu-24.04/final-ubuntu-validation/evidence/rv32_gtest_poc/host-negative.log: OK
evidence/ubuntu-24.04/final-ubuntu-validation/evidence/rv32_gtest_poc/host-pass.log: OK
evidence/ubuntu-24.04/final-ubuntu-validation/evidence/rv32_gtest_poc/results.json: OK
evidence/ubuntu-24.04/final-ubuntu-validation/evidence/rv32_gtest_poc/rtos-build.log: OK
evidence/ubuntu-24.04/final-ubuntu-validation/evidence/rv32_gtest_poc/rtos-gtest-build.log: OK
evidence/ubuntu-24.04/final-ubuntu-validation/evidence/rv32_gtest_poc/rtos-gtest-negative-build.log: OK
evidence/ubuntu-24.04/final-ubuntu-validation/evidence/rv32_gtest_poc/rtos-gtest-negative.log: OK
evidence/ubuntu-24.04/final-ubuntu-validation/evidence/rv32_gtest_poc/rtos-gtest-pass.log: OK
evidence/ubuntu-24.04/final-ubuntu-validation/evidence/rv32_gtest_poc/rtos-negative-build.log: OK
evidence/ubuntu-24.04/final-ubuntu-validation/evidence/rv32_gtest_poc/rtos-negative.log: OK
evidence/ubuntu-24.04/final-ubuntu-validation/evidence/rv32_gtest_poc/rtos-pass.log: OK
evidence/ubuntu-24.04/final-ubuntu-validation/evidence/suite-exits.txt: OK
evidence/ubuntu-24.04/final-ubuntu-validation/evidence/test-source-sha256.txt: OK
evidence/ubuntu-24.04/final-ubuntu-validation/evidence/validation-profiles.txt: OK
evidence/ubuntu-24.04/final-ubuntu-validation/evidence/validation.exit: OK
evidence/ubuntu-24.04/final-ubuntu-validation/micropython-provenance/provenance/micropython-version-provenance.json: OK
evidence/ubuntu-24.04/final-ubuntu-validation/micropython-provenance/provenance/tested-dependencies.lock.json: OK
evidence/ubuntu-24.04/final-ubuntu-validation/micropython-provenance/provenance/tested-prepare.py: OK
evidence/version-provenance/README.md: OK
evidence/version-provenance/hash-field-control.json: OK
evidence/version-provenance/host-pass.log: OK
evidence/version-provenance/parent-git-contaminated-header.h: OK
evidence/version-provenance/pinned-header.h: OK
evidence/version-provenance/rv32-pass.log: OK
evidence/version-provenance/same-tag-nohash-control.h: OK
manifests/release-assets.json: OK
manifests/toolchain-sources.lock.json: OK
manifests/ubuntu-corresponding-sources.lock.json: OK
manifests/ubuntu-packages.lock.json: OK
manifests/ubuntu-qemu-source.lock.json: OK
micropython_gtest_poc/LICENSE: OK
micropython_gtest_poc/README.md: OK
micropython_gtest_poc/README_繁體中文.md: OK
micropython_gtest_poc/SOURCE_SHA256SUMS: OK
micropython_gtest_poc/dependencies.lock.json: OK
micropython_gtest_poc/evidence/generate-embed.log: OK
micropython_gtest_poc/evidence/host-build.log: OK
micropython_gtest_poc/evidence/host-negative.log: OK
micropython_gtest_poc/evidence/host-pass.log: OK
micropython_gtest_poc/evidence/initial-config-failure.log: OK
micropython_gtest_poc/evidence/initial-link-failure.log: OK
micropython_gtest_poc/evidence/interpreter-symbols.txt: OK
micropython_gtest_poc/evidence/prepare.log: OK
micropython_gtest_poc/evidence/results.json: OK
micropython_gtest_poc/evidence/rv32-build.log: OK
micropython_gtest_poc/evidence/rv32-elf-identity.txt: OK
micropython_gtest_poc/evidence/rv32-negative-build.log: OK
micropython_gtest_poc/evidence/rv32-negative.log: OK
micropython_gtest_poc/evidence/rv32-pass.log: OK
micropython_gtest_poc/evidence/verification-summary.log: OK
micropython_gtest_poc/freertos/link.ld: OK
micropython_gtest_poc/freertos/start.S: OK
micropython_gtest_poc/freertos/syscalls.c: OK
micropython_gtest_poc/licenses/FFF-LICENSE: OK
micropython_gtest_poc/licenses/GoogleTest-LICENSE: OK
micropython_gtest_poc/licenses/MicroPython-LICENSE: OK
micropython_gtest_poc/scripts/build.py: OK
micropython_gtest_poc/scripts/prepare.py: OK
micropython_gtest_poc/scripts/run_rv32.sh: OK
micropython_gtest_poc/scripts/verify_all.py: OK
micropython_gtest_poc/src/interpreter_bridge.c: OK
micropython_gtest_poc/src/interpreter_bridge.h: OK
micropython_gtest_poc/src/micropython_embed.mk: OK
micropython_gtest_poc/src/mpconfigport.h: OK
micropython_gtest_poc/tests/interpreter_test.cc: OK
micropython_gtest_poc/tests/main.cc: OK
micropython_gtest_poc/vendor/micropython-v1.26.1.tar.gz: OK
micropython_gtest_poc/vendor/tag-commit.txt: OK
rv32_gtest_poc/LICENSE: OK
rv32_gtest_poc/README.md: OK
rv32_gtest_poc/README_繁體中文.md: OK
rv32_gtest_poc/SOURCE_SHA256SUMS: OK
rv32_gtest_poc/dependencies.lock.json: OK
rv32_gtest_poc/diagnostics/gtest_empty.cc: OK
rv32_gtest_poc/diagnostics/runtime_only.cc: OK
rv32_gtest_poc/docs/FAQ.md: OK
rv32_gtest_poc/evidence/bare-gtest-build.log: OK
rv32_gtest_poc/evidence/bare-gtest-initial-compile-failure.log: OK
rv32_gtest_poc/evidence/bare-gtest-initial-link-failure.log: OK
rv32_gtest_poc/evidence/bare-gtest-negative-build.log: OK
rv32_gtest_poc/evidence/bare-gtest-negative.log: OK
rv32_gtest_poc/evidence/bare-gtest-pass.log: OK
rv32_gtest_poc/evidence/bare-negative-build.log: OK
rv32_gtest_poc/evidence/bare-negative.log: OK
rv32_gtest_poc/evidence/cost-gtest_empty-run.log: OK
rv32_gtest_poc/evidence/cost-runtime_only-run.log: OK
rv32_gtest_poc/evidence/environment.txt: OK
rv32_gtest_poc/evidence/framework-cost-build.log: OK
rv32_gtest_poc/evidence/framework-cost.json: OK
rv32_gtest_poc/evidence/gtest-effective-feature-macros.txt: OK
rv32_gtest_poc/evidence/host-build.log: OK
rv32_gtest_poc/evidence/host-negative.log: OK
rv32_gtest_poc/evidence/host-pass.log: OK
rv32_gtest_poc/evidence/offline-prepare.log: OK
rv32_gtest_poc/evidence/results.json: OK
rv32_gtest_poc/evidence/rtos-build.log: OK
rv32_gtest_poc/evidence/rtos-gtest-build.log: OK
rv32_gtest_poc/evidence/rtos-gtest-negative-build.log: OK
rv32_gtest_poc/evidence/rtos-gtest-negative.log: OK
rv32_gtest_poc/evidence/rtos-gtest-pass.log: OK
rv32_gtest_poc/evidence/rtos-negative-build.log: OK
rv32_gtest_poc/evidence/rtos-negative.log: OK
rv32_gtest_poc/evidence/rtos-pass.log: OK
rv32_gtest_poc/evidence/rv32-elf-identity.txt: OK
rv32_gtest_poc/evidence/verification-summary.log: OK
rv32_gtest_poc/fixtures/replay.h: OK
rv32_gtest_poc/freertos/FreeRTOSConfig.h: OK
rv32_gtest_poc/freertos/demo.c: OK
rv32_gtest_poc/freertos/link.ld: OK
rv32_gtest_poc/freertos/start.S: OK
rv32_gtest_poc/freertos/syscalls.c: OK
rv32_gtest_poc/licenses/FFF-LICENSE: OK
rv32_gtest_poc/licenses/FreeRTOS-LICENSE.md: OK
rv32_gtest_poc/licenses/GoogleTest-LICENSE: OK
rv32_gtest_poc/licenses/QEMU-Debian-copyright: OK
rv32_gtest_poc/licenses/README.md: OK
rv32_gtest_poc/licenses/xpack-components.tar.gz: OK
rv32_gtest_poc/scripts/build_bare_gtest.sh: OK
rv32_gtest_poc/scripts/build_host.sh: OK
rv32_gtest_poc/scripts/build_rtos.sh: OK
rv32_gtest_poc/scripts/build_rtos_gtest.sh: OK
rv32_gtest_poc/scripts/env.sh: OK
rv32_gtest_poc/scripts/measure_framework_cost.sh: OK
rv32_gtest_poc/scripts/prepare_tools.py: OK
rv32_gtest_poc/scripts/run_qemu.sh: OK
rv32_gtest_poc/scripts/verify_all.py: OK
rv32_gtest_poc/src/product.c: OK
rv32_gtest_poc/src/product.h: OK
rv32_gtest_poc/src/product_adapter.c: OK
rv32_gtest_poc/tests/bare_main.cc: OK
rv32_gtest_poc/tests/product_test.cc: OK
rv32_gtest_poc/tests/test_main.cc: OK
rv32_gtest_poc/tools/debian-lock.json: OK
rv32_gtest_poc/tools/qemu-source-lock.json: OK
rv32_gtest_poc/tools/xpack-riscv-none-elf-gcc-15.2.0-1-linux-x64.tar.gz.sha: OK
rv32_gtest_poc/vendor/FreeRTOS-Kernel-V11.1.0.tar.gz: OK
rv32_gtest_poc/vendor/fff-v1.1.tar.gz: OK
rv32_gtest_poc/vendor/googletest-v1.15.2.tar.gz: OK
scripts/preflight.py: OK
scripts/prepare-ubuntu-sources.py: OK
scripts/ubuntu/fetch-locked.py: OK
scripts/ubuntu/install-ubuntu-offline.sh: OK
scripts/ubuntu/verify-bundle.py: OK
tests/test_offline_bundle_verifier.py: OK
