VERIFIED vendor/googletest-v1.15.2.tar.gz
VERIFIED vendor/fff-v1.1.tar.gz
VERIFIED vendor/FreeRTOS-Kernel-V11.1.0.tar.gz
VERIFIED tools/xpack-riscv-none-elf-gcc-15.2.0-1-linux-x64.tar.gz
VERIFIED tools/debs/qemu-system-riscv_10.0.13+ds-0+deb13u1_amd64.deb
VERIFIED tools/debs/qemu-system-common_10.0.13+ds-0+deb13u1_amd64.deb
VERIFIED tools/debs/qemu-system-data_10.0.13+ds-0+deb13u1_all.deb
VERIFIED tools/debs/qemu-user_10.0.13+ds-0+deb13u1_amd64.deb
VERIFIED tools/debs/libfdt1_1.7.2-2+b1_amd64.deb
VERIFIED tools/debs/libaio1t64_0.3.113-8+b1_amd64.deb
VERIFIED tools/debs/libcapstone5_5.0.7-1~deb13u1_amd64.deb
VERIFIED tools/debs/liburing2_2.9-1_amd64.deb
VERIFIED tools/debs/libslirp0_4.8.0-1+deb13u1_amd64.deb
VERIFIED tools/debs/libvdeplug2t64_4.0.1-5.1+b1_amd64.deb
VERIFIED tools/debs/libpmem1_1.13.1-1.1+b1_amd64.deb
VERIFIED tools/debs/libbpf1_1.5.0-3_amd64.deb
VERIFIED tools/debs/libbrlapi0.8_6.7-3.1+deb13u3_amd64.deb
VERIFIED tools/debs/libcacard0_2.8.0-3+b2_amd64.deb
VERIFIED tools/debs/libusbredirparser1t64_0.15.0-1_amd64.deb
VERIFIED tools/debs/libndctl6_81-1_amd64.deb
VERIFIED tools/debs/libdaxctl1_81-1_amd64.deb
MISSING offline dependency: vendor/qemu_10.0.13+ds-0+deb13u1.dsc
